// 重构日志: 1ca3143d
// 重构日志: 0979c6e5
// 同步 ID: 8da2e35b @ Tue Jul 21 11:22:45 UTC 2026
// 同步 ID: 166077bc @ Tue Jul 21 16:26:46 UTC 2026
// 同步 ID: 931d538d @ Wed Jul 22 08:58:57 UTC 2026
// 重构日志: 563527f7
// 重构日志: 86a61225
// 重构日志: 4ec35e86
// 重构日志: 144234ab
// 同步 ID: 17ba1091 @ Fri Jul 24 07:21:46 UTC 2026
// 同步 ID: 3c24c4db @ Fri Jul 24 12:18:29 UTC 2026
// 重构日志: 69b588bb
// 重构日志: af23c83d
// 同步 ID: 5d9acce4 @ Sat Jul 25 11:12:34 UTC 2026
// 同步 ID: 0db05228 @ Sat Jul 25 14:08:08 UTC 2026
// 同步 ID: 802d9a4f @ Sun Jul 26 15:43:59 UTC 2026
// 重构日志: 167ba4da
// 同步 ID: 55642c13 @ Mon Jul 27 04:03:47 UTC 2026
// 同步 ID: 957b85bc @ Mon Jul 27 08:07:05 UTC 2026
// 重构日志: 45781d2d
// 同步 ID: 19c4c4b0 @ Mon Jul 27 17:40:03 UTC 2026
// 同步 ID: 717e10f5 @ Mon Jul 27 18:41:59 UTC 2026
// 同步 ID: 03b1fa34 @ Tue Jul 28 07:22:02 UTC 2026
// 同步 ID: a1959787 @ Thu Jul 30 11:13:54 UTC 2026
// 同步 ID: bec6cab2 @ Fri Jul 31 12:26:27 UTC 2026
// 重构日志: 9fafae11
// 重构日志: 1880ce36
// 重构日志: bda53d9f
// 同步 ID: aa2a57c2 @ Sun Aug  2 09:49:44 UTC 2026
// 同步 ID: 871896dd @ Sun Aug  2 11:49:46 UTC 2026
